[INFO] Scanning for projects...
[INFO] 
[INFO] -------------------< com.logiflow:ingestion-service >-------------------
[INFO] Building ingestion-service 1.0.0-SNAPSHOT
[INFO]   from pom.xml
[INFO] --------------------------------[ jar ]---------------------------------
[INFO] 
[INFO] --- clean:3.2.0:clean (default-clean) @ ingestion-service ---
[INFO] Deleting E:\Projects\LogiFlow\ingestion-service\target
[INFO] 
[INFO] --- resources:3.3.1:resources (default-resources) @ ingestion-service ---
[INFO] Copying 1 resource from src\main\resources to target\classes
[INFO] 
[INFO] --- compiler:3.11.0:compile (default-compile) @ ingestion-service ---
[INFO] Changes detected - recompiling the module! :source
[INFO] Compiling 5 source files with javac [debug target 21] to target\classes
[INFO] Annotation processing is enabled because one or more processors were found
  on the class path. A future release of javac may disable annotation processing
  unless at least one processor is specified by name (-processor), or a search
  path is specified (--processor-path, --processor-module-path), or annotation
  processing is enabled explicitly (-proc:only, -proc:full).
  Use -Xlint:-options to suppress this message.
  Use -proc:none to disable annotation processing.
[INFO] -------------------------------------------------------------
[ERROR] COMPILATION ERROR : 
[INFO] -------------------------------------------------------------
[ERROR] /E:/Projects/LogiFlow/ingestion-service/src/main/java/com/logiflow/ingestion/controller/GpsIngestionController.java:[11,2] cannot find symbol
  symbol: class RequiredArgsConstructor
[INFO] 1 error
[INFO] -------------------------------------------------------------
[INFO] ------------------------------------------------------------------------
[INFO] BUILD FAILURE
[INFO] ------------------------------------------------------------------------
[INFO] Total time:  2.692 s
[INFO] Finished at: 2025-12-08T20:46:30+05:30
[INFO] ------------------------------------------------------------------------
[ERROR] Failed to execute goal org.apache.maven.plugins:maven-compiler-plugin:3.11.0:compile (default-compile) on project ingestion-service: Compilation failure
[ERROR] /E:/Projects/LogiFlow/ingestion-service/src/main/java/com/logiflow/ingestion/controller/GpsIngestionController.java:[11,2] cannot find symbol
[ERROR]   symbol: class RequiredArgsConstructor
[ERROR] 
[ERROR] -> [Help 1]
[ERROR] 
[ERROR] To see the full stack trace of the errors, re-run Maven with the -e switch.
[ERROR] Re-run Maven using the -X switch to enable full debug logging.
[ERROR] 
[ERROR] For more information about the errors and possible solutions, please read the following articles:
[ERROR] [Help 1] http://cwiki.apache.org/confluence/display/MAVEN/MojoFailureException
